PHPUnit 11.5.55 by Sebastian Bergmann and contributors.

Runtime:       PHP 8.3.6
Configuration: D:\var\lexomnis2026_SASS\phpunit.xml

F                                                                   1 / 1 (100%)

Time: 00:00.572, Memory: 48.00 MB

There was 1 failure:

1) Tests\Feature\TenantCrudTest::test_it_can_create_a_new_tenant
An expected request was not recorded.
Failed asserting that false is true.

D:\var\lexomnis2026_SASS\vendor\laravel\framework\src\Illuminate\Http\Client\Factory.php:395
D:\var\lexomnis2026_SASS\vendor\laravel\framework\src\Illuminate\Support\Facades\Facade.php:363
D:\var\lexomnis2026_SASS\tests\Feature\TenantCrudTest.php:91

FAILURES!
Tests: 1, Assertions: 4, Failures: 1.
